[0/1] Planning build
Building for debugging...
[0/2] Write swift-version--1BA0962812E73E12.txt
Build complete! (0.18s)
Test Suite 'All tests' started at 2026-09-20 06:53:43.182
Test Suite 'debug.xctest' started at 2026-09-20 06:53:43.183
Test Suite 'debug.xctest' passed at 2026-09-20 06:53:43.183
	 Executed 0 tests, with 0 failures (0 unexpected) in 0.0 (0.0) seconds
Test Suite 'All tests' passed at 2026-09-20 06:53:43.183
	 Executed 0 tests, with 0 failures (0 unexpected) in 0.0 (0.0) seconds
◇ Test run started.
↳ Testing Library Version: 6.2.1 (c9d57c83568b06d)
↳ Target Platform: x86_64-unknown-linux-gnu
◇ Suite "Hub import effect boundaries" started.
◇ Suite "Hugging Face model onboarding" started.
◇ Test cancelledDiscoveryNeverStartsInstallation() started.
◇ Test "returns explicit backend choices instead of guessing for mixed repositories" started.
◇ Test "rejects unsafe or non-Hugging-Face addresses" started.
◇ Test "automatically installs when exactly one backend accepts the repository" started.
◇ Test "accepts model pages and pins supported revision syntax" started.
◇ Test "rejects repositories unsupported by every registered provider" started.
◇ Test cancelledCallerDoesNotDispatchAnExplicitInstall() started.
◇ Test observedInstalledResultIsNotDiscardedAfterCancellation() started.
◇ Test installationCannotReturnADifferentProvider() started.
◇ Test installationValidatesTheReturnedDescriptor() started.
✔ Test "accepts model pages and pins supported revision syntax" passed after 0.002 seconds.
✔ Test "rejects repositories unsupported by every registered provider" passed after 0.002 seconds.
✔ Test "automatically installs when exactly one backend accepts the repository" passed after 0.003 seconds.
✔ Test "rejects unsafe or non-Hugging-Face addresses" passed after 0.003 seconds.
✔ Test installationCannotReturnADifferentProvider() passed after 0.001 seconds.
✔ Test cancelledCallerDoesNotDispatchAnExplicitInstall() passed after 0.001 seconds.
✔ Test observedInstalledResultIsNotDiscardedAfterCancellation() passed after 0.001 seconds.
✔ Test cancelledDiscoveryNeverStartsInstallation() passed after 0.003 seconds.
✔ Test "returns explicit backend choices instead of guessing for mixed repositories" passed after 0.003 seconds.
✔ Suite "Hugging Face model onboarding" passed after 0.004 seconds.
✔ Test installationValidatesTheReturnedDescriptor() passed after 0.002 seconds.
✔ Suite "Hub import effect boundaries" passed after 0.004 seconds.
✔ Test run with 10 tests in 2 suites passed after 0.005 seconds.
