Building for debugging...
[0/7] Write sources
[2/7] Write swift-version--1BA0962812E73E12.txt
error: emit-module command failed with exit code 1 (use -v to see invocation)
[4/12] Emitting module ModelArtifactStore
$DATA_ROOT/work/NativeAI-Renewed-20260920/Model/ModelArtifactStore/Sources/ModelArtifactStore/ArtifactLock.swift:1:8: error: no such module 'CryptoKit'
  1 | import CryptoKit
    |        `- error: no such module 'CryptoKit'
  2 | import Foundation
  3 | 
[5/12] Compiling ModelArtifactStore ArtifactStore.swift
$DATA_ROOT/work/NativeAI-Renewed-20260920/Model/ModelArtifactStore/Sources/ModelArtifactStore/ArtifactLock.swift:1:8: error: no such module 'CryptoKit'
  1 | import CryptoKit
    |        `- error: no such module 'CryptoKit'
  2 | import Foundation
  3 | 
[6/12] Compiling ModelArtifactStore ArtifactResources.swift
$DATA_ROOT/work/NativeAI-Renewed-20260920/Model/ModelArtifactStore/Sources/ModelArtifactStore/ArtifactLock.swift:1:8: error: no such module 'CryptoKit'
  1 | import CryptoKit
    |        `- error: no such module 'CryptoKit'
  2 | import Foundation
  3 | 
[7/12] Compiling ModelArtifactStore ArtifactLock.swift
$DATA_ROOT/work/NativeAI-Renewed-20260920/Model/ModelArtifactStore/Sources/ModelArtifactStore/ArtifactLock.swift:1:8: error: no such module 'CryptoKit'
  1 | import CryptoKit
    |        `- error: no such module 'CryptoKit'
  2 | import Foundation
  3 | 
[8/12] Compiling ModelArtifactStore ArtifactManifest.swift
$DATA_ROOT/work/NativeAI-Renewed-20260920/Model/ModelArtifactStore/Sources/ModelArtifactStore/ArtifactLock.swift:1:8: error: no such module 'CryptoKit'
  1 | import CryptoKit
    |        `- error: no such module 'CryptoKit'
  2 | import Foundation
  3 | 
[9/13] Compiling ModelArtifactStore ProcessResidency.swift
$DATA_ROOT/work/NativeAI-Renewed-20260920/Model/ModelArtifactStore/Sources/ModelArtifactStore/ArtifactLock.swift:1:8: error: no such module 'CryptoKit'
  1 | import CryptoKit
    |        `- error: no such module 'CryptoKit'
  2 | import Foundation
  3 | 
