Building for debugging...
[Computing dependencies]
[Pre-planning 1 / 1461]
[Planning deferred tasks]
[262 / 736] NativeAgentBrowserTests-product
[301 / 736]
[303 / 738] LanguageModelCore
[311 / 796]
[312 / 796]
[313 / 796]
[317 / 796]
[322 / 796]
[324 / 796]
[328 / 796]
[330 / 796]
[333 / 796]
[336 / 796]
[338 / 796]
[339 / 796]
error: SwiftCompile normal arm64 failed with a nonzero exit code. Command line:     cd $SYSTEM_TMPDIR/xg/fwdvj13x6n926j72y_lt6lyr0000gn/T
    
$SYSTEM_TMPDIR/xg/fwdvj13x6n926j72y_lt6lyr0000gn/T/native-kernel-qualification-ihef01k4/Sources/NativeAgentMemoryProjection/Store/SQLiteDB.swift:7:32: error: 'Duration' is only available in macOS 13.0 or newer
  3 | 
  4 | /// Fixed storage policy, not a user setting or per-session state.
  5 | enum MemorySQLitePolicy {
    |      `- note: add '@available' attribute to enclosing enum
  6 |     static let busyTimeoutMilliseconds: Int32 = 5_000
  7 |     static let walRetryWindow: Duration = .seconds(5)
    |                |               `- error: 'Duration' is only available in macOS 13.0 or newer
    |                `- note: add '@available' attribute to enclosing static property
  8 |     static let walRetryDelaySeconds: TimeInterval = 0.01
  9 | }

$SYSTEM_TMPDIR/xg/fwdvj13x6n926j72y_lt6lyr0000gn/T/native-kernel-qualification-ihef01k4/Sources/NativeAgentMemoryProjection/Store/SQLiteDB.swift:7:44: error: 'seconds' is only available in macOS 13.0 or newer
  3 | 
  4 | /// Fixed storage policy, not a user setting or per-session state.
  5 | enum MemorySQLitePolicy {
    |      `- note: add '@available' attribute to enclosing enum
  6 |     static let busyTimeoutMilliseconds: Int32 = 5_000
  7 |     static let walRetryWindow: Duration = .seconds(5)
    |                |                           `- error: 'seconds' is only available in macOS 13.0 or newer
    |                `- note: add '@available' attribute to enclosing static property
  8 |     static let walRetryDelaySeconds: TimeInterval = 0.01
  9 | }
Failed frontend command:
/Applications/Xcode.app/Contents/Developer/Toolchains/XcodeDefault.xctoolchain/usr/bin/swift-frontend -frontend -emit-module -experimental-skip-non-inlinable-function-bodies-without-types $SYSTEM_TMPDIR/xg/fwdvj13x6n926j72y_lt6lyr0000gn/T/native-kernel-qualification-ihef01k4/Sources/NativeAgentMemoryProjection/API/AgentMemoryConversions.swift $SYSTEM_TMPDIR/xg/fwdvj13x6n926j72y_lt6lyr0000gn/T/native-kernel-qualification-ihef01k4/Sources/NativeAgentMemoryProjection/API/AgentMemoryEngine.swift $SYSTEM_TMPDIR/xg/fwdvj13x6n926j72y_lt6lyr0000gn/T/native-kernel-qualification-ihef01k4/Sources/NativeAgentMemoryProjection/API/AgentMemoryLLMProvider.swift $SYSTEM_TMPDIR/xg/fwdvj13x6n926j72y_lt6lyr0000gn/T/native-kernel-qualification-ihef01k4/Sources/NativeAgentMemoryProjection/API/AgentMemoryModels.swift $SYSTEM_TMPDIR/xg/fwdvj13x6n926j72y_lt6lyr0000gn/T/native-kernel-qualification-ihef01k4/Sources/NativeAgentMemoryProjection/Domain/Identity.swift $SYSTEM_TMPDIR/xg/fwdvj13x6n926j72y_lt6lyr0000gn/T/native-kernel-qualification-ihef01k4/Sources/NativeAgentMemoryProjection/Domain/MemoryDomain.swift $SYSTEM_TMPDIR/xg/fwdvj13x6n926j72y_lt6lyr0000gn/T/native-kernel-qualification-ihef01k4/Sources/NativeAgentMemoryProjection/Domain/Sanitizer.swift $SYSTEM_TMPDIR/xg/fwdvj13x6n926j72y_lt6lyr0000gn/T/native-kernel-qualification-ihef01k4/Sources/NativeAgentMemoryProjection/Domain/Scope.swift $SYSTEM_TMPDIR/xg/fwdvj13x6n926j72y_lt6lyr0000gn/T/native-kernel-qualification-ihef01k4/Sources/NativeAgentMemoryProjection/Domain/Validation.swift $SYSTEM_TMPDIR/xg/fwdvj13x6n926j72y_lt6lyr0000gn/T/native-kernel-qualification-ihef01k4/Sources/NativeAgentMemoryProjection/Errors/AppError.swift $SYSTEM_TMPDIR/xg/fwdvj13x6n926j72y_lt6lyr0000gn/T/native-kernel-qualification-ihef01k4/Sources/NativeAgentMemoryProjection/Hashing/SHA256.swift $SYSTEM_TMPDIR/xg/fwdvj13x6n926j72y_lt6lyr0000gn/T/native-kernel-qualification-ihef01k4/Sources/NativeAgentMemoryProjection/Identifiers/IDGenerator.swift $SYSTEM_TMPDIR/xg/fwdvj13x6n926j72y_lt6lyr0000gn/T/native-kernel-qualification-ihef01k4/Sources/NativeAgentMemoryProjection/Store/Database.swift $SYSTEM_TMPDIR/xg/fwdvj13x6n926j72y_lt6lyr0000gn/T/native-kernel-qualification-ihef01k4/Sources/NativeAgentMemoryProjection/Store/MemoryForgetting.swift $SYSTEM_TMPDIR/xg/fwdvj13x6n926j72y_lt6lyr0000gn/T/native-kernel-qualification-ihef01k4/Sources/NativeAgentMemoryProjection/Store/MemoryStoreOperations.swift $SYSTEM_TMPDIR/xg/fwdvj13x6n926j72y_lt6lyr0000gn/T/native-kernel-qualification-ihef01k4/Sources/NativeAgentMemoryProjection/Store/SQLiteDB.swift $SYSTEM_TMPDIR/xg/fwdvj13x6n926j72y_lt6lyr0000gn/T/native-kernel-qualification-ihef01k4/Sources/NativeAgentMemoryProjection/Store/SQLiteSchema.swift $SYSTEM_TMPDIR/xg/fwdvj13x6n926j72y_lt6lyr0000gn/T/native-kernel-qualification-ihef01k4/Sources/NativeAgentMemoryProjection/Store/Store.swift $SYSTEM_TMPDIR/xg/fwdvj13x6n926j72y_lt6lyr0000gn/T/native-kernel-qualification-ihef01k4/Sources/NativeAgentMemoryProjection/Store/StoreTransactionState.swift $SYSTEM_TMPDIR/xg/fwdvj13x6n926j72y_lt6lyr0000gn/T/native-kernel-qualification-ihef01k4/Sources/NativeAgentMemoryProjection/Time/Time.swift $SYSTEM_TMPDIR/xg/fwdvj13x6n926j72y_lt6lyr0000gn/T/native-kernel-qualification-ihef01k4/Sources/NativeAgentMemoryProjection/Workspace/Workspace.swift -target arm64-apple-macos12.0 -disable-cross-import-overlay-search -load-resolved-plugin /Applications/Xcode.app/Contents/Developer/Platforms/MacOSX.platform/Developer/usr/lib/swift/host/plugins/libFoundationMacros.dylib\#/Applications/Xcode.app/Contents/Developer/Platforms/MacOSX.platform/Developer/usr/bin/swift-plugin-server\#FoundationMacros -load-resolved-plugin /Applications/Xcode.app/Contents/Developer/Platforms/MacOSX.platform/Developer/usr/lib/swift/host/plugins/libObservationMacros.dylib\#/Applications/Xcode.app/Contents/Developer/Platforms/MacOSX.platform/Developer/usr/bin/swift-plugin-server\#ObservationMacros -load-resolved-plugin /Applications/Xcode.app/Contents/Developer/Platforms/MacOSX.platform/Developer/usr/lib/swift/host/plugins/libSwiftMacros.dylib\#/Applications/Xcode.app/Contents/Developer/Platforms/MacOSX.platform/Developer/usr/bin/swift-plugin-server\#SwiftMacros -disable-implicit-swift-modules -Xcc -fno-implicit-modules -Xcc -fno-implicit-module-maps -explicit-swift-module-map-file $SYSTEM_TMPDIR/xg/fwdvj13x6n926j72y_lt6lyr0000gn/T/native-kernel-qualification-ihef01k4/.build/out/Intermediates.noindex/NativeAgent.build/Debug/NativeAgentMemoryProjection-t.build/Objects-normal/arm64/NativeAgentMemoryProjection-dependencies-1.json -Xllvm -aarch64-use-tbi -enable-objc-interop -stack-check -sdk /Applications/Xcode.app/Contents/Developer/Platforms/MacOSX.platform/Developer/SDKs/MacOSX27.0.sdk -I $SYSTEM_TMPDIR/xg/fwdvj13x6n926j72y_lt6lyr0000gn/T/native-kernel-qualification-ihef01k4/.build/out/Products/Debug -Isystem /Applications/Xcode.app/Contents/Developer/Platforms/MacOSX.platform/Developer/usr/lib -F $SYSTEM_TMPDIR/xg/fwdvj13x6n926j72y_lt6lyr0000gn/T/native-kernel-qualification-ihef01k4/.build/out/Products/Debug -F /Applications/Xcode.app/Contents/Developer/Platforms/MacOSX.platform/Developer/Library/Frameworks -module-cache-path $SYSTEM_TMPDIR/xg/fwdvj13x6n926j72y_lt6lyr0000gn/T/native-kernel-qualification-ihef01k4/.build/out/Intermediates.noindex/SwiftExplicitPrecompiledModules -no-color-diagnostics -Xcc -fno-color-diagnostics -enable-testing -g -debug-info-format\=dwarf -dwarf-version\=4 -warnings-as-errors -warnings-as-errors -swift-version 6 -Onone -D SWIFT_PACKAGE -D DEBUG -D SWIFT_MODULE_RESOURCE_BUNDLE_UNAVAILABLE -D Xcode -serialize-debugging-options -enable-upcoming-feature ExistentialAny -enable-upcoming-feature MemberImportVisibility -enable-upcoming-feature ImmutableWeakCaptures -enable-experimental-feature DebugDescriptionMacro -empty-abi-descriptor -validate-clang-modules-once -clang-build-session-file $SYSTEM_TMPDIR/xg/fwdvj13x6n926j72y_lt6lyr0000gn/T/native-kernel-qualification-ihef01k4/.build/out/ModuleCache.noindex/Session.modulevalidation -Xcc -working-directory -Xcc $SYSTEM_TMPDIR/xg/fwdvj13x6n926j72y_lt6lyr0000gn/T -enable-anonymous-context-mangled-names -file-compilation-dir $SYSTEM_TMPDIR/xg/fwdvj13x6n926j72y_lt6lyr0000gn/T -Xcc -fmodule-map-file\=$SYSTEM_TMPDIR/xg/fwdvj13x6n926j72y_lt6lyr0000gn/T/native-kernel-qualification-ihef01k4/Sources/CSQLite/module.modulemap -Xcc -D_LIBCPP_HARDENING_MODE\=_LIBCPP_HARDENING_MODE_DEBUG -Xcc -ivfsstatcache -Xcc $SYSTEM_TMPDIR/xg/fwdvj13x6n926j72y_lt6lyr0000gn/T/native-kernel-qualification-ihef01k4/.build/out/SDKStatCaches.noindex/macosx27.0-26A425-80c5bbf1d171475443272936d42f90a37231f6df4def33e022ae2eb8f782df1a.sdkstatcache -Xcc -fmodules-prune-interval\=86400 -Xcc -fmodules-prune-after\=345600 -Xcc -I$SYSTEM_TMPDIR/xg/fwdvj13x6n926j72y_lt6lyr0000gn/T/native-kernel-qualification-ihef01k4/.build/out/Products/Debug/include -Xcc -I$SYSTEM_TMPDIR/xg/fwdvj13x6n926j72y_lt6lyr0000gn/T/native-kernel-qualification-ihef01k4/.build/out/Intermediates.noindex/NativeAgent.build/Debug/NativeAgentMemoryProjection-t.build/DerivedSources-normal/arm64 -Xcc -I$SYSTEM_TMPDIR/xg/fwdvj13x6n926j72y_lt6lyr0000gn/T/native-kernel-qualification-ihef01k4/.build/out/Intermediates.noindex/NativeAgent.build/Debug/NativeAgentMemoryProjection-t.build/DerivedSources/arm64 -Xcc -I$SYSTEM_TMPDIR/xg/fwdvj13x6n926j72y_lt6lyr0000gn/T/native-kernel-qualification-ihef01k4/.build/out/Intermediates.noindex/NativeAgent.build/Debug/NativeAgentMemoryProjection-t.build/DerivedSources -Xcc -DSWIFT_PACKAGE -Xcc -DDEBUG\=1 -no-auto-bridging-header-chaining -module-name NativeAgentMemoryProjection -package-name native_kernel_qualification_ihef01k4 -const-gather-protocols-file $SYSTEM_TMPDIR/xg/fwdvj13x6n926j72y_lt6lyr0000gn/T/native-kernel-qualification-ihef01k4/.build/out/Intermediates.noindex/NativeAgent.build/Debug/NativeAgentMemoryProjection-t.build/Objects-normal/arm64/NativeAgentMemoryProjection_const_extract_protocols.json -disable-clang-spi -clang-target arm64-apple-macos27.0 -target-sdk-version 27.0 -target-sdk-name macosx27.0 -in-process-plugin-server-path /Applications/Xcode.app/Contents/Developer/Toolchains/XcodeDefault.xctoolchain/usr/lib/swift/host/libSwiftInProcPluginServer.dylib -emit-module-doc-path $SYSTEM_TMPDIR/xg/fwdvj13x6n926j72y_lt6lyr0000gn/T/native-kernel-qualification-ihef01k4/.build/out/Intermediates.noindex/NativeAgent.build/Debug/NativeAgentMemoryProjection-t.build/Objects-normal/arm64/NativeAgentMemoryProjection.swiftdoc -emit-module-source-info-path $SYSTEM_TMPDIR/xg/fwdvj13x6n926j72y_lt6lyr0000gn/T/native-kernel-qualification-ihef01k4/.build/out/Intermediates.noindex/NativeAgent.build/Debug/NativeAgentMemoryProjection-t.build/Objects-normal/arm64/NativeAgentMemoryProjection.swiftsourceinfo -emit-objc-header-path $SYSTEM_TMPDIR/xg/fwdvj13x6n926j72y_lt6lyr0000gn/T/native-kernel-qualification-ihef01k4/.build/out/Intermediates.noindex/NativeAgent.build/Debug/NativeAgentMemoryProjection-t.build/Objects-normal/arm64/NativeAgentMemoryProjection-Swift.h -serialize-diagnostics-path $SYSTEM_TMPDIR/xg/fwdvj13x6n926j72y_lt6lyr0000gn/T/native-kernel-qualification-ihef01k4/.build/out/Intermediates.noindex/NativeAgent.build/Debug/NativeAgentMemoryProjection-t.build/Objects-normal/arm64/NativeAgentMemoryProjection-primary-emit-module.dia -emit-dependencies-path $SYSTEM_TMPDIR/xg/fwdvj13x6n926j72y_lt6lyr0000gn/T/native-kernel-qualification-ihef01k4/.build/out/Intermediates.noindex/NativeAgent.build/Debug/NativeAgentMemoryProjection-t.build/Objects-normal/arm64/NativeAgentMemoryProjection-primary-emit-module.d -parse-as-library -o $SYSTEM_TMPDIR/xg/fwdvj13x6n926j72y_lt6lyr0000gn/T/native-kernel-qualification-ihef01k4/.build/out/Intermediates.noindex/NativeAgent.build/Debug/NativeAgentMemoryProjection-t.build/Objects-normal/arm64/NativeAgentMemoryProjection.swiftmodule -emit-abi-descriptor-path $SYSTEM_TMPDIR/xg/fwdvj13x6n926j72y_lt6lyr0000gn/T/native-kernel-qualification-ihef01k4/.build/out/Intermediates.noindex/NativeAgent.build/Debug/NativeAgentMemoryProjection-t.build/Objects-normal/arm64/NativeAgentMemoryProjection.abi.json
[344 / 796] NativeAgentMemoryProjection
error: Build failed
error: fatalError
