/Users/ax/Library/Caches/NativeAgentEmbeddingQualification/litert-github-release-20261007/Providers/LEAP/.build/artifacts/nativeaileapsdk/LeapSDK/LeapSDK.xcframework/ios-arm64/LeapSDK.framework/LeapSDK:
	@rpath/LeapSDK.framework/LeapSDK (compatibility version 0.0.0, current version 0.0.0)
	/usr/lib/libSystem.B.dylib (compatibility version 1.0.0, current version 1356.0.0)
	/usr/lib/libc++.1.dylib (compatibility version 1.0.0, current version 2100.43.0)
	/usr/lib/libobjc.A.dylib (compatibility version 1.0.0, current version 228.0.0)
	/System/Library/Frameworks/Foundation.framework/Foundation (compatibility version 300.0.0, current version 5026.5.4)
	/System/Library/Frameworks/UIKit.framework/UIKit (compatibility version 1.0.0, current version 9126.5.5)
	@rpath/inference_engine.framework/inference_engine (compatibility version 0.0.0, current version 0.0.0)
	/usr/lib/libresolv.9.dylib (compatibility version 1.0.0, current version 1.0.0)
	/System/Library/Frameworks/CoreFoundation.framework/CoreFoundation (compatibility version 150.0.0, current version 5026.5.4)
	/usr/lib/libz.1.dylib (compatibility version 1.0.0, current version 1.2.12)
	/usr/lib/libbz2.1.0.dylib (compatibility version 1.0.0, current version 1.0.8)
	/usr/lib/libcompression.dylib (compatibility version 1.0.0, current version 1.0.0)
	/usr/lib/libate.dylib (compatibility version 1.0.0, current version 3.0.9)
	/System/Library/Frameworks/Metal.framework/Metal (compatibility version 1.0.0, current version 373.2.0)
	/System/Library/Frameworks/Accelerate.framework/Accelerate (compatibility version 1.0.0, current version 4.0.0)
	/usr/lib/swift/libswiftCore.dylib (compatibility version 0.0.0, current version 0.0.0)
	/usr/lib/swift/libswiftCoreFoundation.dylib (compatibility version 1.0.0, current version 120.100.0, weak)
	/usr/lib/swift/libswiftCoreImage.dylib (compatibility version 1.0.0, current version 2.2.0, weak)
	/usr/lib/swift/libswiftDarwin.dylib (compatibility version 1.0.0, current version 377.120.8, weak)
	/usr/lib/swift/libswiftDispatch.dylib (compatibility version 1.0.0, current version 1542.100.32, weak)
	/usr/lib/swift/libswiftMetal.dylib (compatibility version 1.0.0, current version 373.2.0, weak)
	/usr/lib/swift/libswiftOSLog.dylib (compatibility version 1.0.0, current version 10.0.0, weak)
	/usr/lib/swift/libswiftObjectiveC.dylib (compatibility version 1.0.0, current version 951.7.0)
	/usr/lib/swift/libswiftQuartzCore.dylib (compatibility version 1.0.0, current version 5.0.0, weak)
	/usr/lib/swift/libswiftSpatial.dylib (compatibility version 1.0.0, current version 1.0.0, weak)
	/usr/lib/swift/libswiftUniformTypeIdentifiers.dylib (compatibility version 1.0.0, current version 879.5.1, weak)
	/usr/lib/swift/libswiftXPC.dylib (compatibility version 1.0.0, current version 128.120.2, weak)
	/usr/lib/swift/libswiftos.dylib (compatibility version 1.0.0, current version 1082.0.0, weak)
	/usr/lib/swift/libswiftsimd.dylib (compatibility version 1.0.0, current version 23.0.0, weak)
	@rpath/libswift_Concurrency.dylib (compatibility version 0.0.0, current version 0.0.0, weak)
	/usr/lib/swift/libswiftFoundation.dylib (compatibility version 1.0.0, current version 1.0.0)
	/usr/lib/swift/libswiftUIKit.dylib (compatibility version 1.0.0, current version 1.0.0, weak)
