Building for debugging...
[0/7] Write sources
[6/7] Write swift-version--1BA0962812E73E12.txt
[8/29] Emitting module LanguageModelCore
[9/35] Compiling LanguageModelCore ModelTextSnapshotAccumulator.swift
[10/35] Compiling LanguageModelCore ModelTool.swift
[11/35] Compiling LanguageModelCore DeterministicCoreDefaults.swift
[12/35] Compiling LanguageModelCore SHA1HexDigest.swift
[13/35] Compiling LanguageModelCore SHA256HexDigest.swift
[14/35] Compiling LanguageModelCore JSONCoding.swift
[15/35] Compiling LanguageModelCore JSONValue+Accessors.swift
[16/35] Compiling LanguageModelCore ToolSchema+String.swift
[17/35] Compiling LanguageModelCore ToolSchema.swift
[18/35] Compiling LanguageModelCore AgentMessage.swift
[19/35] Compiling LanguageModelCore ModelContent.swift
[20/35] Compiling LanguageModelCore ModelEvent.swift
[21/35] Compiling LanguageModelCore ModelStopReason.swift
[22/35] Compiling LanguageModelCore LanguageModel.swift
[23/35] Compiling LanguageModelCore ModelClient.swift
[24/35] Compiling LanguageModelCore ModelClientInvocation.swift
[25/35] Compiling LanguageModelCore ModelContracts.swift
[26/35] Compiling LanguageModelCore ModelGeneration.swift
[27/35] Compiling LanguageModelCore ModelStreamContract.swift
[28/35] Compiling LanguageModelCore ModelTextRequest.swift
[29/35] Compiling LanguageModelCore JSONValue+Bridging.swift
[30/35] Compiling LanguageModelCore JSONValue+CanonicalCount.swift
[31/35] Compiling LanguageModelCore JSONValue+Literals.swift
[32/35] Compiling LanguageModelCore JSONValue+StructureValidation.swift
[33/35] Compiling LanguageModelCore JSONValue.swift
[34/35] Compiling LanguageModelCore ToolSchema+Containers.swift
[35/35] Compiling LanguageModelCore ToolSchema+Numbers.swift
[37/72] Emitting module LanguageModelRuntime
[38/75] Compiling NativeAgentDomain ToolContext.swift
[39/75] Compiling NativeAgentDomain ToolContracts.swift
[40/75] Compiling NativeAgentDomain ToolDefinition.swift
[41/75] Compiling NativeAgentDomain SessionExecutionClaims.swift
[42/75] Compiling NativeAgentDomain SessionPersistenceTransactions.swift
[43/75] Compiling NativeAgentDomain ToolCatalog.swift
[44/75] Compiling NativeAgentDomain InstructionDocumentMerge.swift
[45/75] Compiling NativeAgentDomain InstructionDocuments.swift
[46/75] Compiling NativeAgentDomain JSONValue+Accessors.swift
[47/75] Compiling NativeAgentDomain StringExtensions.swift
[48/75] Compiling NativeAgentDomain PersistedTimestamp.swift
[49/75] Compiling NativeAgentDomain Approval.swift
[50/75] Compiling NativeAgentDomain CapabilityContracts.swift
[51/75] Compiling NativeAgentDomain EffectFailure.swift
[58/83] Compiling NativeAgentDomain NativeModelCore.swift
[59/83] Compiling NativeAgentDomain OperationCleanupCompletionPolicy.swift
[62/83] Compiling NativeAgentDomain AgentCapability.swift
[64/83] Compiling LanguageModelRuntime ModelRuntimeTypes.swift
[65/83] Compiling LanguageModelRuntime ModelSession.swift
[66/83] Compiling LanguageModelRuntime SessionLedger.swift
[67/83] Compiling NativeAgentDomain EffectLedger.swift
[68/83] Compiling NativeAgentDomain PromptAugmentation.swift
[69/83] Compiling NativeAgentDomain RuntimeInstrumentation.swift
[70/83] Compiling NativeAgentDomain RuntimeProtocols.swift
[71/83] Compiling NativeAgentDomain SessionEvent.swift
[72/83] Emitting module NativeAgentDomain
[77/84] Compiling NativeAgentDomain Errors.swift
[78/84] Compiling NativeAgentDomain SessionContextCheckpoint.swift
[79/84] Compiling NativeAgentDomain SessionFailure.swift
[80/84] Compiling NativeAgentDomain SessionReadModels.swift
[81/84] Compiling NativeAgentDomain SessionReducer.swift
[82/84] Compiling NativeAgentDomain SessionSignal.swift
[83/84] Compiling NativeAgentDomain SessionSnapshot.swift
[84/84] Compiling NativeAgentDomain SessionWaitState.swift
[86/137] Compiling NativeAgentExecution AgentLoopToolProcessor+Observation.swift
[87/137] Compiling NativeAgentExecution AgentLoopToolProcessor.swift
[88/137] Compiling NativeAgentExecution AgentLoopToolResultHandler.swift
[89/137] Compiling NativeAgentExecution RuntimeModelRunConsumer.swift
[90/141] Emitting module NativeAgentStore
[91/141] Compiling NativeAgentExecution AgentLoop.swift
[92/141] Compiling NativeAgentExecution AgentLoopPolicies.swift
[93/141] Compiling NativeAgentExecution AgentLoopRequestBuilder.swift
[94/141] Compiling NativeAgentExecution AgentLoopToolProcessor+Approval.swift
[95/141] Compiling NativeAgentExecution AgentLoopToolProcessor+Errors.swift
[96/141] Emitting module NativeAgentExecution
[97/153] Compiling NativeAgentStore SQLiteSessionQueries.swift
[98/153] Compiling NativeAgentStore SQLiteSessionSchema.swift
[99/153] Compiling NativeAgentStore SQLiteSessionStore.swift
[100/153] Compiling NativeAgentStore StoreSQLiteConnection.swift
[101/153] Compiling NativeAgentExecution ApprovalEffectLedger.swift
[102/153] Compiling NativeAgentExecution ApprovalRouters.swift
[103/153] Compiling NativeAgentExecution RuntimeConfiguration+AgentDefault.swift
[104/153] Compiling NativeAgentExecution RuntimeConfiguration.swift
[110/154] Compiling NativeAgentExecution SessionCoordinator+Run.swift
[111/154] Compiling NativeAgentExecution SessionCoordinator+WaitTransitions.swift
[112/154] Compiling NativeAgentExecution SessionCoordinator+Waits.swift
[113/154] Compiling NativeAgentExecution SessionCoordinator.swift
[114/154] Compiling NativeAgentExecution SessionCoordinatorPolicies.swift
[115/154] Compiling NativeAgentExecution InMemorySessionExecutionClaimStore.swift
[116/154] Compiling NativeAgentExecution SessionExecutionAuthority.swift
[117/154] Compiling NativeAgentExecution InstructionAssemblyPromptAugmentor.swift
[118/154] Compiling NativeAgentExecution RuntimeSnapshotSupport.swift
[119/154] Compiling NativeAgentExecution SessionJournal.swift
[120/154] Compiling NativeAgentExecution TranscriptRepair.swift
[121/154] Compiling NativeAgentExecution ToolCallLoopGuard.swift
[122/154] Compiling NativeAgentExecution ToolCallValidator.swift
[123/154] Compiling NativeAgentExecution ToolEffectLedger.swift
[124/154] Compiling NativeAgentExecution ToolEffectLedgerPolicy.swift
[125/154] Compiling NativeAgentExecution ToolFailureClassifier.swift
[126/154] Compiling NativeAgentExecution ToolRegistry.swift
[127/154] Compiling NativeAgentExecution ToolSchemaDescriptor.swift
[128/154] Compiling NativeAgentExecution RuntimeResourceValidator.swift
[129/154] Compiling NativeAgentExecution RuntimeSessionValidationIndexes.swift
[143/154] Compiling NativeAgentExecution InstructionAssemblySupport.swift
[144/154] Compiling NativeAgentExecution PromptInstructionDocumentMerger.swift
[145/154] Compiling NativeAgentExecution PromptInstructionDocumentParser.swift
[146/154] Compiling NativeAgentExecution PromptInstructionWorkspaceScanner.swift
[147/154] Compiling NativeAgentExecution TurnPromptProjection.swift
[148/154] Compiling NativeAgentExecution InterruptedToolExecutionRecovery.swift
[149/154] Compiling NativeAgentExecution ModelInvocationRecovery.swift
[150/154] Compiling NativeAgentExecution SessionRecoveryReader.swift
[151/154] Compiling NativeAgentExecution ToolEffectRecovery.swift
[152/154] Compiling NativeAgentExecution PendingToolCallIndex.swift
[153/154] Compiling NativeAgentExecution PendingToolCallRecovery.swift
[154/154] Compiling NativeAgentExecution ResponseContinuationPolicy.swift
[156/165] Emitting module NativeAgent
[157/168] Compiling NativeAgent AgentToolCatalog.swift
[158/168] Compiling NativeAgent Exports.swift
[159/168] Compiling NativeAgent AgentTool.swift
[160/168] Compiling NativeAgent AgentToolPack.swift
[161/168] Compiling NativeAgent Agent.swift
[162/168] Compiling NativeAgent AgentApproval.swift
[163/168] Compiling NativeAgent AgentRecovery.swift
[164/168] Compiling NativeAgent AgentRun.swift
[165/168] Compiling NativeAgent AgentStorage.swift
[166/168] Compiling NativeAgent AgentConfiguration.swift
[167/168] Compiling NativeAgent AgentDataStore.swift
[168/168] Compiling NativeAgent AgentDurableProjection.swift
Build of target: 'NativeAgent' complete! (14.60s)
