Building for debugging...
[0/7] Write sources
[6/7] Write swift-version--1BA0962812E73E12.txt
[8/29] Emitting module LanguageModelCore
[9/35] Compiling LanguageModelCore ModelTextSnapshotAccumulator.swift
[10/35] Compiling LanguageModelCore ModelTool.swift
[11/35] Compiling LanguageModelCore DeterministicCoreDefaults.swift
[12/35] Compiling LanguageModelCore SHA1HexDigest.swift
[13/35] Compiling LanguageModelCore SHA256HexDigest.swift
[14/35] Compiling LanguageModelCore JSONCoding.swift
[15/35] Compiling LanguageModelCore JSONValue+Accessors.swift
[16/35] Compiling LanguageModelCore LanguageModel.swift
[17/35] Compiling LanguageModelCore ModelClient.swift
[18/35] Compiling LanguageModelCore ModelClientInvocation.swift
[19/35] Compiling LanguageModelCore ModelContracts.swift
[20/35] Compiling LanguageModelCore ModelGeneration.swift
[21/35] Compiling LanguageModelCore ModelStreamContract.swift
[22/35] Compiling LanguageModelCore ModelTextRequest.swift
[23/35] Compiling LanguageModelCore JSONValue+Bridging.swift
[24/35] Compiling LanguageModelCore JSONValue+CanonicalCount.swift
[25/35] Compiling LanguageModelCore JSONValue+Literals.swift
[26/35] Compiling LanguageModelCore JSONValue+StructureValidation.swift
[27/35] Compiling LanguageModelCore JSONValue.swift
[28/35] Compiling LanguageModelCore ToolSchema+Containers.swift
[29/35] Compiling LanguageModelCore ToolSchema+Numbers.swift
[30/35] Compiling LanguageModelCore ToolSchema+String.swift
[31/35] Compiling LanguageModelCore ToolSchema.swift
[32/35] Compiling LanguageModelCore AgentMessage.swift
[33/35] Compiling LanguageModelCore ModelContent.swift
[34/35] Compiling LanguageModelCore ModelEvent.swift
[35/35] Compiling LanguageModelCore ModelStopReason.swift
[37/72] Emitting module NativeAgentDomain
[38/80] Compiling NativeAgentDomain InstructionDocumentMerge.swift
[39/80] Compiling NativeAgentDomain InstructionDocuments.swift
[40/80] Compiling NativeAgentDomain JSONValue+Accessors.swift
[41/83] Emitting module LanguageModelRuntime
[45/83] Compiling NativeAgentDomain StringExtensions.swift
[46/83] Compiling NativeAgentDomain PersistedTimestamp.swift
[47/83] Compiling NativeAgentDomain Approval.swift
[48/83] Compiling NativeAgentDomain CapabilityContracts.swift
[49/83] Compiling NativeAgentDomain EffectFailure.swift
[55/83] Compiling NativeAgentDomain SessionExecutionClaims.swift
[56/83] Compiling LanguageModelRuntime ModelRuntimeTypes.swift
[57/83] Compiling LanguageModelRuntime ModelSession.swift
[58/83] Compiling LanguageModelRuntime SessionLedger.swift
[64/84] Compiling NativeAgentDomain ToolContracts.swift
[65/84] Compiling NativeAgentDomain ToolDefinition.swift
[66/84] Compiling NativeAgentDomain NativeModelCore.swift
[67/84] Compiling NativeAgentDomain OperationCleanupCompletionPolicy.swift
[68/84] Compiling NativeAgentDomain AgentCapability.swift
[69/84] Compiling NativeAgentDomain AgentCommandContracts.swift
[70/84] Compiling NativeAgentDomain ArtifactContracts.swift
[71/84] Compiling NativeAgentDomain ClosureToolExecutor.swift
[72/84] Compiling NativeAgentDomain EffectLedger.swift
[73/84] Compiling NativeAgentDomain PromptAugmentation.swift
[74/84] Compiling NativeAgentDomain RuntimeInstrumentation.swift
[75/84] Compiling NativeAgentDomain RuntimeProtocols.swift
[76/84] Compiling NativeAgentDomain SessionEvent.swift
[77/84] Compiling NativeAgentDomain Errors.swift
[78/84] Compiling NativeAgentDomain SessionContextCheckpoint.swift
[79/84] Compiling NativeAgentDomain SessionFailure.swift
[80/84] Compiling NativeAgentDomain SessionReadModels.swift
[81/84] Compiling NativeAgentDomain SessionReducer.swift
[82/84] Compiling NativeAgentDomain SessionSignal.swift
[83/84] Compiling NativeAgentDomain SessionSnapshot.swift
[84/84] Compiling NativeAgentDomain SessionWaitState.swift
[86/137] Emitting module NativeAgentStore
[87/141] Compiling NativeAgentExecution AgentLoopToolProcessor+Observation.swift
[88/141] Compiling NativeAgentExecution AgentLoopToolProcessor.swift
[89/141] Compiling NativeAgentExecution AgentLoopToolResultHandler.swift
[90/141] Compiling NativeAgentExecution RuntimeModelRunConsumer.swift
[91/141] Compiling NativeAgentExecution AgentLoop.swift
[92/141] Compiling NativeAgentExecution AgentLoopPolicies.swift
[93/141] Compiling NativeAgentExecution AgentLoopRequestBuilder.swift
[94/141] Compiling NativeAgentExecution AgentLoopToolProcessor+Approval.swift
[95/141] Compiling NativeAgentExecution AgentLoopToolProcessor+Errors.swift
[96/141] Compiling NativeAgentExecution ApprovalEffectLedger.swift
[97/141] Compiling NativeAgentExecution ApprovalRouters.swift
[98/141] Compiling NativeAgentExecution RuntimeConfiguration+AgentDefault.swift
[99/141] Compiling NativeAgentExecution RuntimeConfiguration.swift
[100/141] Compiling NativeAgentStore SQLiteSessionQueries.swift
[101/141] Compiling NativeAgentStore SQLiteSessionSchema.swift
[102/141] Compiling NativeAgentStore SQLiteSessionStore.swift
[103/141] Compiling NativeAgentStore StoreSQLiteConnection.swift
[109/142] Compiling NativeAgentExecution SessionCoordinator+Run.swift
[110/142] Compiling NativeAgentExecution SessionCoordinator+WaitTransitions.swift
[111/142] Compiling NativeAgentExecution SessionCoordinator+Waits.swift
[112/142] Compiling NativeAgentExecution SessionCoordinator.swift
[113/142] Compiling NativeAgentExecution SessionCoordinatorPolicies.swift
[114/142] Compiling NativeAgentExecution InMemorySessionExecutionClaimStore.swift
[115/142] Compiling NativeAgentExecution SessionExecutionAuthority.swift
[116/142] Compiling NativeAgentExecution InstructionAssemblyPromptAugmentor.swift
[117/142] Compiling NativeAgentExecution InstructionAssemblySupport.swift
[118/142] Compiling NativeAgentExecution PromptInstructionDocumentMerger.swift
[119/142] Compiling NativeAgentExecution PromptInstructionDocumentParser.swift
[120/142] Compiling NativeAgentExecution PromptInstructionWorkspaceScanner.swift
[121/142] Compiling NativeAgentExecution TurnPromptProjection.swift
[122/142] Compiling NativeAgentExecution InterruptedToolExecutionRecovery.swift
[123/142] Compiling NativeAgentExecution ModelInvocationRecovery.swift
[124/142] Compiling NativeAgentExecution SessionRecoveryReader.swift
[125/142] Compiling NativeAgentExecution ToolEffectRecovery.swift
[126/142] Compiling NativeAgentExecution PendingToolCallIndex.swift
[127/142] Compiling NativeAgentExecution PendingToolCallRecovery.swift
[128/142] Compiling NativeAgentExecution ResponseContinuationPolicy.swift
[142/154] Emitting module NativeAgentExecution
[143/154] Compiling NativeAgentExecution RuntimeSnapshotSupport.swift
[144/154] Compiling NativeAgentExecution SessionJournal.swift
[145/154] Compiling NativeAgentExecution TranscriptRepair.swift
[146/154] Compiling NativeAgentExecution ToolCallLoopGuard.swift
[147/154] Compiling NativeAgentExecution ToolCallValidator.swift
[148/154] Compiling NativeAgentExecution ToolEffectLedger.swift
[149/154] Compiling NativeAgentExecution ToolEffectLedgerPolicy.swift
[150/154] Compiling NativeAgentExecution ToolFailureClassifier.swift
[151/154] Compiling NativeAgentExecution ToolRegistry.swift
[152/154] Compiling NativeAgentExecution ToolSchemaDescriptor.swift
[153/154] Compiling NativeAgentExecution RuntimeResourceValidator.swift
[154/154] Compiling NativeAgentExecution RuntimeSessionValidationIndexes.swift
[156/165] Emitting module NativeAgent
[157/168] Compiling NativeAgent AgentToolCatalog.swift
[158/168] Compiling NativeAgent Exports.swift
[159/168] Compiling NativeAgent AgentTool.swift
[160/168] Compiling NativeAgent AgentRecovery.swift
[161/168] Compiling NativeAgent AgentRun.swift
[162/168] Compiling NativeAgent AgentStorage.swift
[163/168] Compiling NativeAgent AgentToolPack.swift
[164/168] Compiling NativeAgent Agent.swift
[165/168] Compiling NativeAgent AgentApproval.swift
[166/168] Compiling NativeAgent AgentConfiguration.swift
[167/168] Compiling NativeAgent AgentDataStore.swift
[168/168] Compiling NativeAgent AgentDurableProjection.swift
Build of target: 'NativeAgent' complete! (21.57s)
