Building for debugging...
[0/3] Write sources
[1/3] Write swift-version--1BA0962812E73E12.txt
[3/5] Compiling LanguageModelCoreTests JSONNumericBoundaryTests.swift
[4/5] Emitting module LanguageModelCoreTests
[5/12] $DATA_ROOT/nativeai-build/model-core/x86_64-unknown-linux-gnu/debug/LanguageModelCorePackageDiscoveredTests.derived/all-discovered-tests.swift
[6/13] Write sources
[7/13] Wrapping AST for LanguageModelCoreTests for debugging
[9/16] Compiling LanguageModelCorePackageDiscoveredTests all-discovered-tests.swift
[10/16] Compiling LanguageModelCorePackageDiscoveredTests LanguageModelCoreTests.swift
[11/16] Emitting module LanguageModelCorePackageDiscoveredTests
[13/16] Emitting module LanguageModelCorePackageTests
[14/16] Write Objects.LinkFileList
[15/16] Linking LanguageModelCorePackageTests.xctest
Build complete! (2.84s)
Test Suite 'Selected tests' started at 2026-09-20 02:10:06.165
Test Suite 'Selected tests' passed at 2026-09-20 02:10:06.166
	 Executed 0 tests, with 0 failures (0 unexpected) in 0.0 (0.0) seconds
◇ Test run started.
↳ Testing Library Version: 6.2.1 (c9d57c83568b06d)
↳ Target Platform: x86_64-unknown-linux-gnu
◇ Suite "JSON integer conversion boundaries" started.
◇ Test foundationNumbersPreserveNumericIdentity() started.
✘ Test foundationNumbersPreserveNumericIdentity() recorded an issue at JSONNumericBoundaryTests.swift:28:5: Expectation failed: (JSONValue.from(any: NSNumber(value: 0)) → .bool(false)) == .integer(0)
✘ Test foundationNumbersPreserveNumericIdentity() recorded an issue at JSONNumericBoundaryTests.swift:29:5: Expectation failed: (JSONValue.from(any: NSNumber(value: 1)) → .bool(true)) == .integer(1)
✘ Test foundationNumbersPreserveNumericIdentity() failed after 0.001 seconds with 2 issues.
✘ Suite "JSON integer conversion boundaries" failed after 0.002 seconds with 2 issues.
✘ Test run with 1 test in 1 suite failed after 0.002 seconds with 2 issues.
