Test Suite 'Selected tests' started at 2026-09-20 02:25:45.914
Test Suite 'Selected tests' passed at 2026-09-20 02:25:45.916
	 Executed 0 tests, with 0 failures (0 unexpected) in 0.0 (0.0) seconds
◇ Test run started.
↳ Testing Library Version: 6.2.1 (c9d57c83568b06d)
↳ Target Platform: x86_64-unknown-linux-gnu
◇ Suite "Provider discovery and acquisition cancellation" started.
◇ Test cancelledAvailabilityDoesNotStartAcquisition() started.
◇ Test cancelledCatalogDoesNotPublishLateModels() started.
◇ Test cancelledReadinessDoesNotPublishLateAvailability() started.
◇ Test cancelledAcquisitionDoesNotHideCleanupFailure() started.
◇ Test cancelledOwnedAcquisitionReleasesTheLateRuntime() started.
◇ Test cancelledBeforeEntryDoesNotCallTheConnector() started.
◇ Test cancelledBorrowedAcquisitionDoesNotCloseTheHostRuntime() started.
✔ Test cancelledOwnedAcquisitionReleasesTheLateRuntime() passed after 0.001 seconds.
✔ Test cancelledReadinessDoesNotPublishLateAvailability() passed after 0.001 seconds.
✔ Test cancelledBeforeEntryDoesNotCallTheConnector() passed after 0.001 seconds.
✔ Test cancelledCatalogDoesNotPublishLateModels() passed after 0.001 seconds.
✔ Test cancelledAvailabilityDoesNotStartAcquisition() passed after 0.001 seconds.
✔ Test cancelledAcquisitionDoesNotHideCleanupFailure() passed after 0.001 seconds.
✔ Test cancelledBorrowedAcquisitionDoesNotCloseTheHostRuntime() passed after 0.001 seconds.
✔ Suite "Provider discovery and acquisition cancellation" passed after 0.001 seconds.
✔ Test run with 7 tests in 1 suite passed after 0.002 seconds.
